[www.kalabymrunmayee.com/index.html]
[backblue.gif]
[fade.gif]
[index.html]
[images.squarespace-cdn.com/content/625fe22fbbeae502cedbb887/e5fa1607-2fa3-4e45-94bd-ab701d9c0f3c/Kalabymrunmayee2acd.png]
[assets.squarespace.com/@sqs/polyfiller/1.6/legacy.js]
[assets.squarespace.com/universal/scripts-compressed/extract-css-runtime-cb066b2c5753b44b7148-min.en-US.js]
[assets.squarespace.com/@sqs/polyfiller/1.6/modern.js]
[assets.squarespace.com/universal/scripts-compressed/cldr-resource-pack-1edcdb1d4b6b94ec8c7e-min.en-US.js]
[assets.squarespace.com/universal/scripts-compressed/common-vendors-stable-3598b219a3c023c1915a-min.en-US.js]
[assets.squarespace.com/universal/scripts-compressed/extract-css-moment-js-vendor-6f117db4eb7fd4392375-min.en-US.js]
[assets.squarespace.com/universal/scripts-compressed/performance-8751c9b949863c5eac92-min.en-US.js]
[static1.squarespace.com/static/versioned-site-css/625fe22fbbeae502cedbb887/177/5c5a519771c10ba3470d8101/625fe22fbbeae502cedbb8a6/1504/site.css]
[static1.squarespace.com/static/vta/5c5a519771c10ba3470d8101/versioned-assets/1709918608987-LN9OYJLK9STD272VA0ZE/static.css]
[www.kalabymrunmayee.com/cart.html]
[images.squarespace-cdn.com/content/v1/625fe22fbbeae502cedbb887/2ef38be4-14da-4248-b5de-da8c01362819/Kala+By+Mrunmayee+1-0326f7.png]
[assets.squarespace.com/universal/scripts-compressed/common-vendors-365697f76a7e8b215113-min.en-US.js]
[www.kalabymrunmayee.com/about-me.html]
[www.kalabymrunmayee.com/contact.html]
[www.kalabymrunmayee.com/learn-from-me.html]
[www.kalabymrunmayee.com/portfolio.html]
[www.kalabymrunmayee.com/patterns.html]
[www.kalabymrunmayee.com/illustrations.html]
[www.kalabymrunmayee.com/freebie-vault.html]
[images.squarespace-cdn.com/content/v1/625fe22fbbeae502cedbb887/95835fdb-9391-4269-b954-c12751c645c5/1.jpg]
[images.squarespace-cdn.com/content/v1/625fe22fbbeae502cedbb887/22fa2a9b-df43-4a72-b1c4-c05bb19ba8c7/2.jpg]
[assets.squarespace.com/universal/scripts-compressed/common-acfc22226e718bf7889c-min.en-US.js]
[images.squarespace-cdn.com/content/v1/625fe22fbbeae502cedbb887/da013d4d-d18f-44a8-bbb8-f379d0bebe92/3.jpg]
[images.squarespace-cdn.com/content/v1/625fe22fbbeae502cedbb887/ac12baa4-4b9d-42d6-b602-85d15884dd40/4.jpg]
[images.squarespace-cdn.com/content/v1/625fe22fbbeae502cedbb887/462b41b8-c6cd-4aa8-865c-7d2636e74c78/5.jpg]
[images.squarespace-cdn.com/content/v1/625fe22fbbeae502cedbb887/2107e9cf-b827-424e-9406-2d1b6a3918c8/6.jpg]
[images.squarespace-cdn.com/content/v1/625fe22fbbeae502cedbb887/645f9eb1-6753-4fef-8bf0-195272a64a1a/7.jpg]
[images.squarespace-cdn.com/content/v1/625fe22fbbeae502cedbb887/af155da3-dfec-46be-8a96-8c1d4d39154e/8.jpg]
[images.squarespace-cdn.com/content/v1/625fe22fbbeae502cedbb887/fd9db6fa-e9d1-429c-b5cb-346a915b10c5/9.jpg]
[images.squarespace-cdn.com/content/v1/625fe22fbbeae502cedbb887/20fa08a6-6b89-4ea8-8e93-c268a0fc8f72/10.jpg]
[images.squarespace-cdn.com/content/v1/625fe22fbbeae502cedbb887/0ba82a15-ddba-4a31-a06d-3a4e48422a7a/11.jpg]
[images.squarespace-cdn.com/content/v1/625fe22fbbeae502cedbb887/f8745591-091e-4f8c-aa7b-c7dbf5535b24/12.jpg]
[images.squarespace-cdn.com/content/v1/625fe22fbbeae502cedbb887/4a03098f-09fc-45e3-a242-76fe879dc673/DSC_0452.jpg]
[images.squarespace-cdn.com/content/v1/625fe22fbbeae502cedbb887/9a7d6ac7-31ae-449e-9153-fa45c2763d39/Bedroom+Scene+Bedding+Mockup+2+by+Creatsy.png]
[images.squarespace-cdn.com/content/v1/625fe22fbbeae502cedbb887/54f5a6a4-0921-4071-ba07-310e35e6889f/Fabric.png]
[www.kalabymrunmayee.com/new-collection.html]
[www.kalabymrunmayee.com/_https_/www.instagram.com/reel/C4YNj4yPQ2i/embed/___/iframe__.29.delayed]
[images.squarespace-cdn.com/content/v1/625fe22fbbeae502cedbb887/1709576236639-F2FRHFF24VOXI5YBMVCX/image-asset.jpg]
[images.squarespace-cdn.com/content/v1/625fe22fbbeae502cedbb887/1709308062887-9MPWU9C3A0LCDTN6NAZV/image-asset.jpg]
[images.squarespace-cdn.com/content/v1/625fe22fbbeae502cedbb887/1709220336263-80UU3J2XVMDM6X8BD607/image-asset.jpg]
[images.squarespace-cdn.com/content/v1/625fe22fbbeae502cedbb887/1707849507324-KWA046IGBEHD1LYELQHD/image-asset.jpg]
[www.kalabymrunmayee.com/_https_/www.instagram.com/reel/C2-QJktv_nc/embed/___/iframe__.2e.delayed]
[www.kalabymrunmayee.com/home.html]
[www.kalabymrunmayee.com/shop.html]
[www.kalabymrunmayee.com/index.html]
[assets.squarespace.com/universal/images-v6/damask/error-dark.png]
[assets.squarespace.com/universal/images-v6/damask/error-dark@2x.png]
[static1.squarespace.com/static/vta/5c5a519771c10ba3470d8101/scripts/site-bundle.b806f032e33948e7465e46357935afae.js]
[assets.squarespace.com/universal/images-v6/damask/play-button.png]
[assets.squarespace.com/universal/images-v6/damask/play-button@2x.png]
[assets.squarespace.com/universal/images-v6/damask/edit-aviary-light.png]
[assets.squarespace.com/universal/images-v6/damask/edit-aviary-light@2x.png]
[assets.squarespace.com/universal/images-v6/damask/edit-info-light.png]
[assets.squarespace.com/universal/images-v6/damask/edit-info-light@2x.png]
[assets.squarespace.com/universal/images-v6/damask/trash-9-light.png]
[assets.squarespace.com/universal/images-v6/damask/trash-9-light@2x.png]
[assets.squarespace.com/universal/images-v6/damask/trash-9-red.png]
[assets.squarespace.com/universal/images-v6/damask/trash-9-red@2x.png]
[assets.squarespace.com/universal/images-v6/damask/getty-16-light.png]
[assets.squarespace.com/universal/images-v6/damask/getty-32-light.png]
[assets.squarespace.com/universal/images-v6/damask/shopping-cart-16-light.png]
[assets.squarespace.com/universal/images-v6/damask/shopping-cart-32-light.png]
[assets.squarespace.com/universal/images-v6/icons/block-indicator-dark.png]
[assets.squarespace.com/universal/images-v6/icons/block-indicator-dark@2x.png]
[assets.squarespace.com/universal/images-v6/icons/opentable-icons.png]
[assets.squarespace.com/universal/images-v6/icons/icon-searchqueries-20-dark.png]
[assets.squarespace.com/universal/images-v6/icons/icon-searchqueries-20-light.png]
[assets.squarespace.com/universal/images-v6/icons/icon-video-24-light-solid.png]
[assets.squarespace.com/universal/images-v6/standard/icon_close_7_light.png]
[assets.squarespace.com/universal/images-v6/icons/icon-settings-16-light.png]
[static1.squarespace.com/static/versioned-site-css/625fe22fbbeae502cedbb887/177/5c5a519771c10ba3470d8101/625fe22fbbeae502cedbb8a6/1504/site.css]
[www.googletagmanager.com/gtm5445.html]
[static1.squarespace.com/static/vta/5c5a519771c10ba3470d8101/versioned-assets/1709918608987-LN9OYJLK9STD272VA0ZE/static.css]
[assets.squarespace.com/universal/scripts-compressed/extract-css-runtime-7aa4f38e1b51613300cb-min.en-US.js]
[www.kalabymrunmayee.com/cart.html]
[assets.squarespace.com/universal/scripts-compressed/performance-0369bd11820ac2b6aee7-min.en-US.js]
[assets.squarespace.com/universal/scripts-compressed/extract-css-runtime-2512a1feaa7c5f93b945-min.en-US.js]
[images.squarespace-cdn.com/content/v1/625fe22fbbeae502cedbb887/f5071c17-8ea6-47a9-a4b3-80c9b2c6a980/DSC_0453_edited.jpg]
[assets.squarespace.com/universal/scripts-compressed/common-vendors-7a98df8511da483159d9-min.en-US.js]
[www.kalabymrunmayee.com/about-me-full.html]
[www.kalabymrunmayee.com/about-me.html]
[www.kalabymrunmayee.com/contact.html]
[images.squarespace-cdn.com/content/625fe22fbbeae502cedbb887/1660757006378-UBGR27NI33I17PHE0EU7/Thumbnail15d45.png]
[images.squarespace-cdn.com/content/v1/625fe22fbbeae502cedbb887/7912896f-4896-468d-a919-f94c3fbcaf51/0791B877-6504-425D-9A75-C7FE4EBE1C2B.png]
[assets.squarespace.com/universal/scripts-compressed/common-0567313ecc4553840e12-min.en-US.js]
[images.squarespace-cdn.com/content/v1/625fe22fbbeae502cedbb887/09810427-e50c-43a8-95a5-e8ef7f6abaee/My+project-1+(2).jpg]
[images.squarespace-cdn.com/content/v1/625fe22fbbeae502cedbb887/5f43cdaf-fdad-4e71-9b82-eb16693cf1ab/Main+Coverpage.png]
[assets.squarespace.com/universal/scripts-compressed/commerce-checkout-a66030d452edd2ed783e-min.en-US.js]
[www.kalabymrunmayee.com/learn-from-me.html]
[images.squarespace-cdn.com/content/v1/625fe22fbbeae502cedbb887/4826c919-b72d-429c-8952-6a69aa2e3534/Artboard+30+copy+2-100.jpg]
[images.squarespace-cdn.com/content/v1/625fe22fbbeae502cedbb887/267ded8b-9059-410c-9657-1ef1da53df51/Artboard+35+copy+2-100.jpg]
[images.squarespace-cdn.com/content/v1/625fe22fbbeae502cedbb887/769a0b3b-fc1a-4505-b892-816518279ca4/Artboard+31+copy+2-100.jpg]
[images.squarespace-cdn.com/content/v1/625fe22fbbeae502cedbb887/0ad90674-8d82-4153-bf54-6f628021380f/Artboard+32+copy+2-100.jpg]
[images.squarespace-cdn.com/content/v1/625fe22fbbeae502cedbb887/2bbc3011-db8d-4830-8d27-aa40a74d67cd/Artboard+33+copy+2-100.jpg]
[images.squarespace-cdn.com/content/v1/625fe22fbbeae502cedbb887/d71f669a-85ec-4e24-8c11-17698fb3c345/Artboard+34+copy+2-100.jpg]
[images.squarespace-cdn.com/content/v1/625fe22fbbeae502cedbb887/581de773-3a62-46db-ad83-8c525a1d56b6/Artboard+30+copy+3-100.jpg]
[images.squarespace-cdn.com/content/v1/625fe22fbbeae502cedbb887/2fc0d935-bd61-4a1c-b1e3-66a0cde66cc4/Artboard+35+copy+3-100.jpg]
[images.squarespace-cdn.com/content/v1/625fe22fbbeae502cedbb887/9124fd8a-7254-45fc-93ee-abec14fb1c4c/Artboard+31+copy+3-100.jpg]
[images.squarespace-cdn.com/content/v1/625fe22fbbeae502cedbb887/b8ebd4dc-c402-48b2-90a0-016ebbe24675/Artboard+32+copy+3-100.jpg]
[images.squarespace-cdn.com/content/v1/625fe22fbbeae502cedbb887/c7da8507-ebfe-4079-b1ca-a3dc15df0cb5/Artboard+33+copy+3-100.jpg]
[images.squarespace-cdn.com/content/v1/625fe22fbbeae502cedbb887/f841b2d5-f55e-4d73-8fb7-ac61ff34a5a5/Artboard+34+copy+3-100.jpg]
[images.squarespace-cdn.com/content/v1/625fe22fbbeae502cedbb887/3ffaf661-9328-4232-88e4-8a49661d8f13/Portfolio+Lookbook(Fabrics).jpg]
[images.squarespace-cdn.com/content/v1/625fe22fbbeae502cedbb887/2a4edcc6-b2af-48f3-ad00-1a80151328ab/Pink_Violet_Orange_Summer_Flowers_Blue_Background_Seamless_Pattern_KalaByMrunmayee.jpg]
[images.squarespace-cdn.com/content/v1/625fe22fbbeae502cedbb887/f0d3e965-35e7-48fa-a5d1-a830b7802e0e/Purple_Loose_Leaves_Handdrawn_Seamless_Pattern_KalaByMrunmayee.jpg]
[images.squarespace-cdn.com/content/v1/625fe22fbbeae502cedbb887/ac8728b7-88fc-4122-9265-eac128a728bf/Light_Red_Flowers_Green_Leaves_Seamless_Pattern_KalaByMrunmayee.jpg]
[images.squarespace-cdn.com/content/v1/625fe22fbbeae502cedbb887/feb80b14-e7e9-4a53-96ad-95b0ee532a27/Purple_Yellow_Red_Wildflowers_Peach_Butterflies_Blue_Background_Seamless_Pattern_KalaByMrunmayee.jpg]
[images.squarespace-cdn.com/content/v1/625fe22fbbeae502cedbb887/9f67e094-7f4e-491f-a036-2664490806d9/Purple_Botanical_Vines_Orange_Flowers_Seamless_Pattern_KalaByMrunmayee.jpg]
[images.squarespace-cdn.com/content/v1/625fe22fbbeae502cedbb887/353fa69c-a06b-4657-90c4-6eaaa5094065/Yellow_Monochromatic_Silhoutte_Seamless_Pattern_KalaByMrunmayee.jpg]
[images.squarespace-cdn.com/content/v1/625fe22fbbeae502cedbb887/4c7c0a70-6eb5-4188-8b55-51120919702c/Blue_Red_Butterflies_Seamless_Pattern_KalaByMrunmayee.jpg]
[images.squarespace-cdn.com/content/v1/625fe22fbbeae502cedbb887/3b96b460-1dbe-40af-b34c-ca72c92cb207/Green_Monochrome_Scallop_Seamless_Pattern_KalaByMrunmayee.jpg]
[images.squarespace-cdn.com/content/v1/625fe22fbbeae502cedbb887/854cf58a-f149-46f2-bbc2-828cb69880bb/Symmetrical_Floral_Mandala_Yellow_Lilac_Seamless_Pattern_KalaByMrunmayee.jpg]
[images.squarespace-cdn.com/content/v1/625fe22fbbeae502cedbb887/feab21a6-e278-4a6b-9ef5-21d6720b9a25/Yellow_Terracotta_Retro_Flowers_Seamless_Pattern_KalaByMrunmayee.jpg]
[images.squarespace-cdn.com/content/v1/625fe22fbbeae502cedbb887/404e2b85-3de2-4115-8e15-4e825fafc759/Beige_Leaves_Yellow_Background_Seamless_Pattern_KalaByMrunmayee.jpg]
[images.squarespace-cdn.com/content/v1/625fe22fbbeae502cedbb887/b6009096-d8e7-4893-abaa-bb1fdd48dd12/Brown_Yellow_Butterfly_Blush_Background_Seamless_Pattern_KalaByMrunmayee.jpg]
[images.squarespace-cdn.com/content/v1/625fe22fbbeae502cedbb887/cf2704db-d714-4e3e-b68d-b95eceaa2cd3/Burnt_Orange_Monochrome_Silhoutte_Seamless_Pattern_KalaByMrunmayee.jpg]
[images.squarespace-cdn.com/content/v1/625fe22fbbeae502cedbb887/4d00b9a9-74b9-4e9a-a734-3634dce725b5/Earth_Toned_Terracotta_Florals_Seamless_Pattern_KalaByMrunmayee.jpg]
[images.squarespace-cdn.com/content/v1/625fe22fbbeae502cedbb887/a124fcd8-33b9-422e-819a-c944dadf8798/Retro_Colors_Wildflowers_Seamless_Pattern_KalaByMrunmayee.jpg]
[images.squarespace-cdn.com/content/v1/625fe22fbbeae502cedbb887/c36430a2-bb5f-4b2a-a244-a12e758e64ee/Sage_Green_Monochromatic_Seamless_Pattern_KalaByMrunmayee.jpg]
[images.squarespace-cdn.com/content/v1/625fe22fbbeae502cedbb887/d751235d-1d7e-4a12-9ecc-7263735ba6c4/Shades_Of_Brown_Symmetrical_Floral_Mandala_Seamless_Pattern_KalaByMrunmayee.jpg]
[images.squarespace-cdn.com/content/v1/625fe22fbbeae502cedbb887/9ecdd9eb-8b28-460f-b9f0-656fdfe51f2c/Yellow_Brown_Botanical_Vines_Diamond_Seamless_Pattern_KalaByMrunmayee.jpg]
[www.kalabymrunmayee.com/portfolio.html]
[images.squarespace-cdn.com/content/v1/625fe22fbbeae502cedbb887/1652355864128-1SF0620P3CR4RHU970TG/Artboard+1+copy+9-100.jpg]
[images.squarespace-cdn.com/content/v1/625fe22fbbeae502cedbb887/6171dbc4-45cc-48ed-96c7-208662398eab/Export+for+website4-20.jpg]
[images.squarespace-cdn.com/content/v1/625fe22fbbeae502cedbb887/1652355900796-82UU1S58F2V89JP2XJ4N/Artboard+1+copy+14-100.jpg]
[images.squarespace-cdn.com/content/v1/625fe22fbbeae502cedbb887/a4111961-8869-4111-9013-c151fe3e49ce/Export+for+website4-28.jpg]
[images.squarespace-cdn.com/content/v1/625fe22fbbeae502cedbb887/1652355932249-FRY1BCH6U7V1FULM9HGL/Artboard+1+copy-100.jpg]
[images.squarespace-cdn.com/content/v1/625fe22fbbeae502cedbb887/1652356074197-83B5UMBBIGA0ODVGEC01/Artboard+1+copy+3-100.jpg]
[images.squarespace-cdn.com/content/v1/625fe22fbbeae502cedbb887/4091a492-087c-4ca5-9ba8-47f14a815b55/Export+for+website4-27.jpg]
[images.squarespace-cdn.com/content/v1/625fe22fbbeae502cedbb887/ea3ac1f0-c74e-4d56-b211-a421ecb93083/Export+for+website4-22.jpg]
[images.squarespace-cdn.com/content/v1/625fe22fbbeae502cedbb887/1652356166355-YBAGYZWQ637S2LKS9EG7/Artboard+1+copy+6-100.jpg]
[images.squarespace-cdn.com/content/v1/625fe22fbbeae502cedbb887/1652356222693-D01PPLIN8UTV2L4LA5OL/Artboard+1+copy+7-100.jpg]
[images.squarespace-cdn.com/content/v1/625fe22fbbeae502cedbb887/1652356269602-IC2B67TI5D0J5LMU0PJ1/Artboard+1+copy+10-100.jpg]
[images.squarespace-cdn.com/content/v1/625fe22fbbeae502cedbb887/1652356296426-5K85RMD58H0ZDPBG11UZ/Artboard+1+copy+12-100.jpg]
[images.squarespace-cdn.com/content/v1/625fe22fbbeae502cedbb887/1652356332602-M85LVI4TOVVO1XAQQ529/Artboard+1+copy+8-100.jpg]
[images.squarespace-cdn.com/content/v1/625fe22fbbeae502cedbb887/c9b23ded-94ea-499c-be5c-8909bf5282cd/Export+for+website5-17.jpg]
[images.squarespace-cdn.com/content/v1/625fe22fbbeae502cedbb887/aeb5e0cd-d715-44e9-9ce5-29791403eab2/Export+for+website5-14.jpg]
[images.squarespace-cdn.com/content/v1/625fe22fbbeae502cedbb887/f898b97c-8bcc-47b5-a3bd-7713ba4e0a94/Export+for+website5-15.jpg]
[images.squarespace-cdn.com/content/v1/625fe22fbbeae502cedbb887/1652356099325-T4L5IH35A5YSSGCJPMAF/Artboard+1+copy+4-100.jpg]
[images.squarespace-cdn.com/content/v1/625fe22fbbeae502cedbb887/d7849270-5603-43f9-aebd-df79dd87f6bb/Export+for+website5-16.jpg]
[images.squarespace-cdn.com/content/v1/625fe22fbbeae502cedbb887/5872d664-ab4d-4de4-82db-da07dd8507d0/Artboard+1+copy+2-100.jpg]
[images.squarespace-cdn.com/content/v1/625fe22fbbeae502cedbb887/ba56672b-7eae-4516-9de1-670d502b6701/Artboard+1+copy+11-100.jpg]
[images.squarespace-cdn.com/content/v1/625fe22fbbeae502cedbb887/217f27cf-7cf5-4009-95e6-dee4c074d291/Artboard+1+copy-100.jpg]
[www.kalabymrunmayee.com/patterns.html]
[www.kalabymrunmayee.com/illustrations4845.html]
[images.squarespace-cdn.com/content/v1/625fe22fbbeae502cedbb887/eb0eeef9-fe8a-4b0d-9943-6fa92d144e30/Untitled_Artwork+(1).jpg]
[www.kalabymrunmayee.com/illustrationsa4fa.html]
[images.squarespace-cdn.com/content/v1/625fe22fbbeae502cedbb887/6fdd6d34-d347-4e07-a53e-43e9943d202b/Untitled_Artwork+(2).jpg]
[www.kalabymrunmayee.com/illustrationsb2b5.html]
[images.squarespace-cdn.com/content/v1/625fe22fbbeae502cedbb887/8747df0a-1936-4a87-94b8-dcb19d9cace3/Untitled_Artwork+(3).jpg]
[www.kalabymrunmayee.com/illustrations028a.html]
[images.squarespace-cdn.com/content/v1/625fe22fbbeae502cedbb887/33db4fc3-b1e2-4fff-ab61-7d0d71982622/Untitled_Artwork+(4).jpg]
[www.kalabymrunmayee.com/illustrations2852.html]
[images.squarespace-cdn.com/content/v1/625fe22fbbeae502cedbb887/abf48c76-ff7e-468b-a928-2e5c6e43fd32/Untitled_Artwork+(5).jpg]
[www.kalabymrunmayee.com/illustrations809e.html]
[images.squarespace-cdn.com/content/v1/625fe22fbbeae502cedbb887/d782605f-243b-4bb5-984a-a5a0a739e189/Untitled_Artwork+(6).jpg]
[www.kalabymrunmayee.com/illustrations21e3.html]
[images.squarespace-cdn.com/content/v1/625fe22fbbeae502cedbb887/68701cb6-ff96-436e-9d15-7cd2378864f9/Untitled_Artwork+(7).jpg]
[www.kalabymrunmayee.com/illustrations62cb.html]
[images.squarespace-cdn.com/content/v1/625fe22fbbeae502cedbb887/f400cf09-05b9-4eea-8542-a2986b417419/Untitled_Artwork.jpg]
[www.kalabymrunmayee.com/illustrations5c01.html]
[images.squarespace-cdn.com/content/v1/625fe22fbbeae502cedbb887/f0cf6175-ec14-42b5-8096-a15193d5f23c/Untitled_Artwork+(4).png]
[www.kalabymrunmayee.com/illustrations99ae.html]
[images.squarespace-cdn.com/content/v1/625fe22fbbeae502cedbb887/f1983292-c9e2-4496-abc3-7e439475ac4e/Untitled_Artwork+(8).jpg]
[www.kalabymrunmayee.com/illustrations.html]
[images.squarespace-cdn.com/content/v1/625fe22fbbeae502cedbb887/b6a05056-557d-4450-a529-ba82f5896735/Background+2.png]
[www.kalabymrunmayee.com/freebie-vault-password-protected.a5.delayed]
[images.squarespace-cdn.com/content/v1/625fe22fbbeae502cedbb887/7ff068c9-62a5-481c-abc0-2cb7af3ecbec/Pattern+Making+Template-Adobe+Illustrator.jpg]
[images.squarespace-cdn.com/content/v1/625fe22fbbeae502cedbb887/12b66266-0d95-4f83-a108-c588bf6b2aec/Editable+Portfolio+Sell+Sheets-Canva.jpg]
[images.squarespace-cdn.com/content/v1/625fe22fbbeae502cedbb887/f1829c32-33f4-4433-a5b9-e6394c1c1091/How+To+Set-up+Spoonflower+Shop-Guide.jpg]
[images.squarespace-cdn.com/content/v1/625fe22fbbeae502cedbb887/e22bf8fe-1eed-4b67-99c3-7e95c3529269/PDF+Checklist+For+Starting+A+POD+Shop.jpg]
[images.squarespace-cdn.com/content/v1/625fe22fbbeae502cedbb887/c70a88c4-0958-4862-bbe2-1b2d04a47dc9/Basics+Of+Procreate+For+Beginners.jpg]
[images.squarespace-cdn.com/content/v1/625fe22fbbeae502cedbb887/baa191ae-79ca-484d-881d-58df82b6d940/Downloadable+Procreate+Color+Palettes.jpg]
[images.squarespace-cdn.com/content/v1/625fe22fbbeae502cedbb887/dc0abedf-952c-4765-8a25-6d16c86514ae/How+To+Make+Stickers+In+Procreate.jpg]
[images.squarespace-cdn.com/content/v1/625fe22fbbeae502cedbb887/458c5ef0-9d89-46f0-b4dd-7e7cf4445291/How+To+Create+A+Basic+Grid+Pattern+In+Procreate.jpg]
[images.squarespace-cdn.com/content/v1/625fe22fbbeae502cedbb887/459048db-a72c-4614-bd85-e7ad0af7e312/Get+Out+Of+A+Creative+Rut.jpg]
[images.squarespace-cdn.com/content/v1/625fe22fbbeae502cedbb887/2d49d044-1818-4fb1-8e1f-fd1f33c767b5/Pattern+Making+Templates+In+Procreate.jpg]
[images.squarespace-cdn.com/content/v1/625fe22fbbeae502cedbb887/8bcc56b3-2ee1-440e-87cb-e81881cf4fb6/Background.png]
[www.kalabymrunmayee.com/freebie-vault.html]
[images.squarespace-cdn.com/content/v1/625fe22fbbeae502cedbb887/c121d172-93bb-4b27-9185-96e5308a5567/Wildflower+Meadows+C2+(1).jpg]
[images.squarespace-cdn.com/content/v1/625fe22fbbeae502cedbb887/42ad709e-1d48-43af-ba52-21844f947cea/Wildflower+Meadows+C1+(2).jpg]
[www.kalabymrunmayee.com/new-collection.html]
[www.kalabymrunmayee.com/_https_/www.instagram.com/reel/C4YNj4yPQ2i/embed/___/iframe__.html]
[www.kalabymrunmayee.com/_https_/www.instagram.com/reel/C2-QJktv_nc/embed/___/iframe__.html]
[www.kalabymrunmayee.com/home.html]
[images.squarespace-cdn.com/content/v1/625fe22fbbeae502cedbb887/8dedfa0d-2551-45d2-af53-796b140492b8/Fabric+copy.jpg]
[images.squarespace-cdn.com/content/v1/625fe22fbbeae502cedbb887/a944ab5d-8ee9-445f-bbc4-18e2fe5252c3/imageedit_5_6791499224.gif]
[assets.squarespace.com/universal/scripts-compressed/extract-css-runtime-ee02445d5fb971816406-min.en-US.js]
[images.squarespace-cdn.com/content/v1/625fe22fbbeae502cedbb887/0b6c2e8a-4811-4fc3-972f-1e87464dc99c/imageedit_7_6055481108.gif]
[www.kalabymrunmayee.com/shop.html]
[images.squarespace-cdn.com/content/v1/625fe22fbbeae502cedbb887/547b0de5-0c50-4ac5-bd88-2ad661afc250/DSC_0474+-+Copy1.jpg]
[www.kalabymrunmayee.com/about-me-full.html]
[www.kalabymrunmayee.com/illustrations4845.html]
[www.kalabymrunmayee.com/illustrationsa4fa.html]
[www.kalabymrunmayee.com/illustrationsb2b5.html]
[www.kalabymrunmayee.com/illustrations028a.html]
[www.kalabymrunmayee.com/illustrations2852.html]
[www.kalabymrunmayee.com/illustrations809e.html]
[assets.squarespace.com/universal/scripts-compressed/extract-css-runtime-f8cc2bb130f2a4c70243-min.en-US.js]
[www.kalabymrunmayee.com/illustrations21e3.html]
[www.kalabymrunmayee.com/illustrations62cb.html]
[www.kalabymrunmayee.com/illustrations5c01.html]
[www.kalabymrunmayee.com/illustrations99ae.html]
[www.kalabymrunmayee.com/freebie-vault-password-protected.html]
